<html>
<body>
<pre>
<h1>µVision Build Log</h1>
<h2>Project:</h2>
C:\Keil\workspace\STM32F4Discovery\STM32F4Discovery.uvproj
Project File Date:  09/14/2013

<h2>Output:</h2>
Rebuild target 'STM32F4Discovery'
assembling startup_stm32f40xx.s...
creating preprocessor file for system_stm32f4xx.c...
system_stm32f4xx.c: Error: C3472E: No source language specified (--cpp or --c90) and sourcefile extensions conflict
".\STM32F4Discovery.axf" - 1 Errors, 0 Warning(s).
Target not created
Rebuild target 'STM32F4Discovery'
assembling startup_stm32f40xx.s...
creating preprocessor file for system_stm32f4xx.c...
system_stm32f4xx.c: Error: C3472E: No source language specified (--cpp or --c90) and sourcefile extensions conflict
".\STM32F4Discovery.axf" - 1 Errors, 0 Warning(s).
Target not created
Rebuild target 'STM32F4Discovery'
assembling startup_stm32f40xx.s...
creating preprocessor file for system_stm32f4xx.c...
system_stm32f4xx.c: Error: C3472E: No source language specified (--cpp or --c90) and sourcefile extensions conflict
".\STM32F4Discovery.axf" - 1 Errors, 0 Warning(s).
Target not created
Load "C:\\Keil\\workspace\\STM32F4Discovery\\STM32F4Discovery.axf" 
_____^
*** error 56: cannot open file
Rebuild target 'STM32F4Discovery'
assembling startup_stm32f40xx.s...
creating preprocessor file for system_stm32f4xx.c...
compiling system_stm32f4xx.c...
creating preprocessor file for misc.c...
compiling misc.c...
creating preprocessor file for stm32f4xx_dma.c...
compiling stm32f4xx_dma.c...
creating preprocessor file for stm32f4xx_gpio.c...
compiling stm32f4xx_gpio.c...
creating preprocessor file for stm32f4xx_pwr.c...
compiling stm32f4xx_pwr.c...
creating preprocessor file for stm32f4xx_rcc.c...
compiling stm32f4xx_rcc.c...
creating preprocessor file for stm32f4xx_syscfg.c...
compiling stm32f4xx_syscfg.c...
creating preprocessor file for stm32f4xx_tim.c...
compiling stm32f4xx_tim.c...
creating preprocessor file for stm32f4xx_usart.c...
compiling stm32f4xx_usart.c...
creating preprocessor file for main.c...
main.c(6): warning:  #1-D: last line of file ends without a newline
compiling main.c...
main.c(6): warning:  #1-D: last line of file ends without a newline
linking...
Program Size: Code=652 RO-data=424 RW-data=20 ZI-data=1028  
".\STM32F4Discovery.axf" - 0 Errors, 2 Warning(s).
Rebuild target 'STM32F4Discovery'
assembling startup_stm32f40xx.s...
compiling system_stm32f4xx.c...
system_stm32f4xx.c: Warning: C3910W: Old syntax, please use '--c99'.
compiling misc.c...
misc.c: Warning: C3910W: Old syntax, please use '--c99'.
compiling stm32f4xx_dma.c...
stm32f4xx_dma.c: Warning: C3910W: Old syntax, please use '--c99'.
compiling stm32f4xx_gpio.c...
stm32f4xx_gpio.c: Warning: C3910W: Old syntax, please use '--c99'.
compiling stm32f4xx_pwr.c...
stm32f4xx_pwr.c: Warning: C3910W: Old syntax, please use '--c99'.
compiling stm32f4xx_rcc.c...
stm32f4xx_rcc.c: Warning: C3910W: Old syntax, please use '--c99'.
compiling stm32f4xx_syscfg.c...
stm32f4xx_syscfg.c: Warning: C3910W: Old syntax, please use '--c99'.
compiling stm32f4xx_tim.c...
stm32f4xx_tim.c: Warning: C3910W: Old syntax, please use '--c99'.
compiling stm32f4xx_usart.c...
stm32f4xx_usart.c: Warning: C3910W: Old syntax, please use '--c99'.
compiling main.c...
main.c: Warning: C3910W: Old syntax, please use '--c99'.
linking...
Program Size: Code=652 RO-data=424 RW-data=20 ZI-data=1028  
".\STM32F4Discovery.axf" - 0 Errors, 10 Warning(s).
Rebuild target 'STM32F4Discovery'
assembling startup_stm32f40xx.s...
compiling system_stm32f4xx.c...
compiling misc.c...
compiling stm32f4xx_dma.c...
compiling stm32f4xx_gpio.c...
compiling stm32f4xx_pwr.c...
compiling stm32f4xx_rcc.c...
compiling stm32f4xx_syscfg.c...
compiling stm32f4xx_tim.c...
compiling stm32f4xx_usart.c...
compiling main.c...
linking...
Program Size: Code=652 RO-data=424 RW-data=20 ZI-data=1028  
".\STM32F4Discovery.axf" - 0 Errors, 0 Warning(s).
Rebuild target 'STM32F4Discovery'
assembling startup_stm32f40xx.s...
compiling system_stm32f4xx.c...
compiling misc.c...
compiling stm32f4xx_dma.c...
compiling stm32f4xx_gpio.c...
compiling stm32f4xx_pwr.c...
compiling stm32f4xx_rcc.c...
compiling stm32f4xx_syscfg.c...
compiling stm32f4xx_tim.c...
compiling stm32f4xx_usart.c...
compiling main.c...
main.c(8): error:  #65: expected a ";"
main.c(11): warning:  #12-D: parsing restarts here after previous syntax error
main.c(17): warning:  #111-D: statement is unreachable
assembling libPDMFilter_GCC.a...
STM32F4-Discovery\libPDMFilter_GCC.a(1): error: A1167E: Invalid line start 
STM32F4-Discovery\libPDMFilter_GCC.a(2): error: A1167E: Invalid line start 
STM32F4-Discovery\libPDMFilter_GCC.a(3): error: A1167E: Invalid line start 
STM32F4-Discovery\libPDMFilter_GCC.a(4): error: A1167E: Invalid line start 
STM32F4-Discovery\libPDMFilter_GCC.a(5): warning: A1313W: Missing END directive at end of file
compiling stm32f4_discovery.c...
compiling stm32f4_discovery_audio_codec.c...
compiling stm32f4_discovery_lis302dl.c...
".\STM32F4Discovery.axf" - 5 Errors, 3 Warning(s).
Target not created
Rebuild target 'STM32F4Discovery'
assembling startup_stm32f40xx.s...
compiling system_stm32f4xx.c...
compiling misc.c...
compiling stm32f4xx_dma.c...
compiling stm32f4xx_gpio.c...
compiling stm32f4xx_pwr.c...
compiling stm32f4xx_rcc.c...
compiling stm32f4xx_syscfg.c...
compiling stm32f4xx_tim.c...
compiling stm32f4xx_usart.c...
compiling main.c...
main.c(8): error:  #65: expected a ";"
main.c(11): warning:  #12-D: parsing restarts here after previous syntax error
main.c(17): warning:  #111-D: statement is unreachable
compiling stm32f4_discovery.c...
compiling stm32f4_discovery_audio_codec.c...
compiling stm32f4_discovery_lis302dl.c...
".\STM32F4Discovery.axf" - 1 Errors, 2 Warning(s).
Target not created
Rebuild target 'STM32F4Discovery'
assembling startup_stm32f40xx.s...
compiling system_stm32f4xx.c...
compiling misc.c...
compiling stm32f4xx_dma.c...
compiling stm32f4xx_gpio.c...
compiling stm32f4xx_pwr.c...
compiling stm32f4xx_rcc.c...
compiling stm32f4xx_syscfg.c...
compiling stm32f4xx_tim.c...
compiling stm32f4xx_usart.c...
compiling main.c...
main.c(17): warning:  #111-D: statement is unreachable
compiling stm32f4_discovery.c...
compiling stm32f4_discovery_audio_codec.c...
compiling stm32f4_discovery_lis302dl.c...
linking...
.\STM32F4Discovery.axf: Error: L6218E: Undefined symbol EXTI_Init (referred from stm32f4_discovery.o).
.\STM32F4Discovery.axf: Error: L6218E: Undefined symbol Codec_TIMEOUT_UserCallback (referred from stm32f4_discovery_audio_codec.o).
.\STM32F4Discovery.axf: Error: L6218E: Undefined symbol DAC_Cmd (referred from stm32f4_discovery_audio_codec.o).
.\STM32F4Discovery.axf: Error: L6218E: Undefined symbol DAC_Init (referred from stm32f4_discovery_audio_codec.o).
.\STM32F4Discovery.axf: Error: L6218E: Undefined symbol DAC_SetChannel1Data (referred from stm32f4_discovery_audio_codec.o).
.\STM32F4Discovery.axf: Error: L6218E: Undefined symbol EVAL_AUDIO_GetSampleCallBack (referred from stm32f4_discovery_audio_codec.o).
.\STM32F4Discovery.axf: Error: L6218E: Undefined symbol EVAL_AUDIO_TransferComplete_CallBack (referred from stm32f4_discovery_audio_codec.o).
.\STM32F4Discovery.axf: Error: L6218E: Undefined symbol I2C_AcknowledgeConfig (referred from stm32f4_discovery_audio_codec.o).
.\STM32F4Discovery.axf: Error: L6218E: Undefined symbol I2C_CheckEvent (referred from stm32f4_discovery_audio_codec.o).
.\STM32F4Discovery.axf: Error: L6218E: Undefined symbol I2C_ClearFlag (referred from stm32f4_discovery_audio_codec.o).
.\STM32F4Discovery.axf: Error: L6218E: Undefined symbol I2C_Cmd (referred from stm32f4_discovery_audio_codec.o).
.\STM32F4Discovery.axf: Error: L6218E: Undefined symbol I2C_DeInit (referred from stm32f4_discovery_audio_codec.o).
.\STM32F4Discovery.axf: Error: L6218E: Undefined symbol I2C_GenerateSTART (referred from stm32f4_discovery_audio_codec.o).
.\STM32F4Discovery.axf: Error: L6218E: Undefined symbol I2C_GenerateSTOP (referred from stm32f4_discovery_audio_codec.o).
.\STM32F4Discovery.axf: Error: L6218E: Undefined symbol I2C_GetFlagStatus (referred from stm32f4_discovery_audio_codec.o).
.\STM32F4Discovery.axf: Error: L6218E: Undefined symbol I2C_Init (referred from stm32f4_discovery_audio_codec.o).
.\STM32F4Discovery.axf: Error: L6218E: Undefined symbol I2C_ReceiveData (referred from stm32f4_discovery_audio_codec.o).
.\STM32F4Discovery.axf: Error: L6218E: Undefined symbol I2C_Send7bitAddress (referred from stm32f4_discovery_audio_codec.o).
.\STM32F4Discovery.axf: Error: L6218E: Undefined symbol I2C_SendData (referred from stm32f4_discovery_audio_codec.o).
.\STM32F4Discovery.axf: Error: L6218E: Undefined symbol I2S_Cmd (referred from stm32f4_discovery_audio_codec.o).
.\STM32F4Discovery.axf: Error: L6218E: Undefined symbol I2S_Init (referred from stm32f4_discovery_audio_codec.o).
.\STM32F4Discovery.axf: Error: L6218E: Undefined symbol SPI_I2S_DMACmd (referred from stm32f4_discovery_audio_codec.o).
.\STM32F4Discovery.axf: Error: L6218E: Undefined symbol SPI_I2S_DeInit (referred from stm32f4_discovery_audio_codec.o).
.\STM32F4Discovery.axf: Error: L6218E: Undefined symbol SPI_I2S_GetFlagStatus (referred from stm32f4_discovery_audio_codec.o).
.\STM32F4Discovery.axf: Error: L6218E: Undefined symbol SPI_I2S_ITConfig (referred from stm32f4_discovery_audio_codec.o).
.\STM32F4Discovery.axf: Error: L6218E: Undefined symbol SPI_I2S_SendData (referred from stm32f4_discovery_audio_codec.o).
.\STM32F4Discovery.axf: Error: L6218E: Undefined symbol LIS302DL_TIMEOUT_UserCallback (referred from stm32f4_discovery_lis302dl.o).
.\STM32F4Discovery.axf: Error: L6218E: Undefined symbol SPI_Cmd (referred from stm32f4_discovery_lis302dl.o).
.\STM32F4Discovery.axf: Error: L6218E: Undefined symbol SPI_I2S_ReceiveData (referred from stm32f4_discovery_lis302dl.o).
.\STM32F4Discovery.axf: Error: L6218E: Undefined symbol SPI_Init (referred from stm32f4_discovery_lis302dl.o).
".\STM32F4Discovery.axf" - 30 Errors, 1 Warning(s).
Target not created
Rebuild target 'STM32F4Discovery'
assembling startup_stm32f40xx.s...
compiling system_stm32f4xx.c...
compiling misc.c...
compiling stm32f4xx_dma.c...
compiling stm32f4xx_gpio.c...
compiling stm32f4xx_pwr.c...
compiling stm32f4xx_rcc.c...
compiling stm32f4xx_syscfg.c...
compiling stm32f4xx_tim.c...
compiling stm32f4xx_usart.c...
compiling main.c...
main.c(17): warning:  #111-D: statement is unreachable
compiling stm32f4_discovery.c...
linking...
.\STM32F4Discovery.axf: Error: L6218E: Undefined symbol EXTI_Init (referred from stm32f4_discovery.o).
".\STM32F4Discovery.axf" - 1 Errors, 1 Warning(s).
Target not created
Rebuild target 'STM32F4Discovery'
assembling startup_stm32f40xx.s...
compiling system_stm32f4xx.c...
compiling misc.c...
compiling stm32f4xx_dma.c...
compiling stm32f4xx_gpio.c...
compiling stm32f4xx_pwr.c...
compiling stm32f4xx_rcc.c...
compiling stm32f4xx_syscfg.c...
compiling stm32f4xx_tim.c...
compiling stm32f4xx_usart.c...
compiling stm32f4xx_exti.c...
compiling main.c...
main.c(17): warning:  #111-D: statement is unreachable
compiling stm32f4_discovery.c...
linking...
Program Size: Code=3696 RO-data=464 RW-data=60 ZI-data=1028  
".\STM32F4Discovery.axf" - 0 Errors, 1 Warning(s).
Load "C:\\Keil\\workspace\\STM32F4Discovery\\STM32F4Discovery.axf" 
Erase Done.
Programming Done.
Verify OK.
Rebuild target 'STM32F4Discovery'
assembling startup_stm32f40xx.s...
compiling system_stm32f4xx.c...
compiling misc.c...
compiling stm32f4xx_dma.c...
compiling stm32f4xx_gpio.c...
compiling stm32f4xx_pwr.c...
compiling stm32f4xx_rcc.c...
compiling stm32f4xx_syscfg.c...
compiling stm32f4xx_tim.c...
compiling stm32f4xx_usart.c...
compiling stm32f4xx_exti.c...
compiling main.c...
main.c(18): warning:  #111-D: statement is unreachable
compiling stm32f4_discovery.c...
linking...
Program Size: Code=3696 RO-data=464 RW-data=60 ZI-data=1028  
".\STM32F4Discovery.axf" - 0 Errors, 1 Warning(s).
Rebuild target 'STM32F4Discovery'
assembling startup_stm32f40xx.s...
compiling system_stm32f4xx.c...
compiling misc.c...
compiling stm32f4xx_dma.c...
compiling stm32f4xx_gpio.c...
compiling stm32f4xx_pwr.c...
compiling stm32f4xx_rcc.c...
compiling stm32f4xx_syscfg.c...
compiling stm32f4xx_tim.c...
compiling stm32f4xx_usart.c...
compiling stm32f4xx_exti.c...
compiling main.c...
compiling stm32f4_discovery.c...
linking...
Program Size: Code=3696 RO-data=464 RW-data=60 ZI-data=1028  
".\STM32F4Discovery.axf" - 0 Errors, 0 Warning(s).
Clean started: Project: 'STM32F4Discovery'
   deleting intermediate output files for target 'STM32F4Discovery'
Rebuild target 'STM32F4Discovery'
assembling startup_stm32f40xx.s...
compiling system_stm32f4xx.c...
compiling misc.c...
compiling stm32f4xx_dma.c...
compiling stm32f4xx_gpio.c...
compiling stm32f4xx_pwr.c...
compiling stm32f4xx_rcc.c...
compiling stm32f4xx_syscfg.c...
compiling stm32f4xx_tim.c...
compiling stm32f4xx_usart.c...
compiling stm32f4xx_exti.c...
compiling main.c...
compiling stm32f4_discovery.c...
linking...
Program Size: Code=3696 RO-data=464 RW-data=60 ZI-data=1028  
".\Output\STM32F4Discovery.axf" - 0 Errors, 0 Warning(s).
Rebuild target 'STM32F4Discovery'
assembling startup_stm32f40xx.s...
compiling system_stm32f4xx.c...
compiling misc.c...
compiling stm32f4xx_dma.c...
compiling stm32f4xx_gpio.c...
compiling stm32f4xx_pwr.c...
compiling stm32f4xx_rcc.c...
compiling stm32f4xx_syscfg.c...
compiling stm32f4xx_tim.c...
compiling stm32f4xx_usart.c...
compiling stm32f4xx_exti.c...
compiling main.c...
compiling stm32f4_discovery.c...
linking...
Program Size: Code=3696 RO-data=464 RW-data=60 ZI-data=1028  
".\Output\STM32F4Discovery.axf" - 0 Errors, 0 Warning(s).
Rebuild target 'STM32F4Discovery'
assembling startup_stm32f40xx.s...
compiling system_stm32f4xx.c...
compiling misc.c...
compiling stm32f4xx_dma.c...
compiling stm32f4xx_gpio.c...
compiling stm32f4xx_pwr.c...
compiling stm32f4xx_rcc.c...
compiling stm32f4xx_syscfg.c...
compiling stm32f4xx_tim.c...
compiling stm32f4xx_usart.c...
compiling stm32f4xx_exti.c...
compiling main.c...
compiling stm32f4_discovery.c...
linking...
Program Size: Code=3696 RO-data=464 RW-data=60 ZI-data=1028  
".\Output\STM32F4Discovery.axf" - 0 Errors, 0 Warning(s).
Rebuild target 'STM32F4Discovery'
assembling startup_stm32f40xx.s...
compiling system_stm32f4xx.c...
compiling misc.c...
compiling stm32f4xx_dma.c...
compiling stm32f4xx_gpio.c...
compiling stm32f4xx_pwr.c...
compiling stm32f4xx_rcc.c...
compiling stm32f4xx_syscfg.c...
compiling stm32f4xx_tim.c...
compiling stm32f4xx_usart.c...
compiling stm32f4xx_exti.c...
compiling main.c...
compiling stm32f4_discovery.c...
linking...
Program Size: Code=3696 RO-data=464 RW-data=60 ZI-data=1028  
".\Output\STM32F4Discovery.axf" - 0 Errors, 0 Warning(s).
Clean started: Project: 'STM32F4Discovery'
   deleting intermediate output files for target 'STM32F4Discovery'
